// Jest Snapshot v1, https://goo.gl/fbAQLP

exports[`posts component should render and match a stapshot 1`] = `ShallowWrapper {}`;
